args.lisp:
(((symbol require) (symbol arg-parser)) ((symbol defun) (symbol a) ((symbol a) (symbol b) (symbol c) (symbol d) (symbol e) (symbol f)) Just confirm we support six arguments ((symbol sum) ((symbol list) (symbol a) (symbol b) (symbol c) (symbol d) (symbol e) (symbol f)))) ((symbol defun) (symbol main) ((symbol args)) ((symbol a) 1 2 3 4 5 6) ((symbol let) (((symbol parser) ((symbol arg-parser:new) ((symbol cdr) (symbol args))))) ((symbol println) Flags  ((symbol parser) flags)) ((symbol println) Files  ((symbol parser) files)))))
