
8 Queens Solver for board size 8x8

Solution 1 (1 5 8 6 3 7 2 4):

	Q . . . . . . . 
	. . . . Q . . . 
	. . . . . . . Q 
	. . . . . Q . . 
	. . Q . . . . . 
	. . . . . . Q . 
	. Q . . . . . . 
	. . . Q . . . . 


Solution 2 (1 6 8 3 7 4 2 5):

	Q . . . . . . . 
	. . . . . Q . . 
	. . . . . . . Q 
	. . Q . . . . . 
	. . . . . . Q . 
	. . . Q . . . . 
	. Q . . . . . . 
	. . . . Q . . . 


Solution 3 (1 7 4 6 8 2 5 3):

	Q . . . . . . . 
	. . . . . . Q . 
	. . . Q . . . . 
	. . . . . Q . . 
	. . . . . . . Q 
	. Q . . . . . . 
	. . . . Q . . . 
	. . Q . . . . . 


Solution 4 (1 7 5 8 2 4 6 3):

	Q . . . . . . . 
	. . . . . . Q . 
	. . . . Q . . . 
	. . . . . . . Q 
	. Q . . . . . . 
	. . . Q . . . . 
	. . . . . Q . . 
	. . Q . . . . . 


Solution 5 (2 4 6 8 3 1 7 5):

	. Q . . . . . . 
	. . . Q . . . . 
	. . . . . Q . . 
	. . . . . . . Q 
	. . Q . . . . . 
	Q . . . . . . . 
	. . . . . . Q . 
	. . . . Q . . . 


Solution 6 (2 5 7 1 3 8 6 4):

	. Q . . . . . . 
	. . . . Q . . . 
	. . . . . . Q . 
	Q . . . . . . . 
	. . Q . . . . . 
	. . . . . . . Q 
	. . . . . Q . . 
	. . . Q . . . . 


Solution 7 (2 5 7 4 1 8 6 3):

	. Q . . . . . . 
	. . . . Q . . . 
	. . . . . . Q . 
	. . . Q . . . . 
	Q . . . . . . . 
	. . . . . . . Q 
	. . . . . Q . . 
	. . Q . . . . . 


Solution 8 (2 6 1 7 4 8 3 5):

	. Q . . . . . . 
	. . . . . Q . . 
	Q . . . . . . . 
	. . . . . . Q . 
	. . . Q . . . . 
	. . . . . . . Q 
	. . Q . . . . . 
	. . . . Q . . . 


Solution 9 (2 6 8 3 1 4 7 5):

	. Q . . . . . . 
	. . . . . Q . . 
	. . . . . . . Q 
	. . Q . . . . . 
	Q . . . . . . . 
	. . . Q . . . . 
	. . . . . . Q . 
	. . . . Q . . . 


Solution 10 (2 7 3 6 8 5 1 4):

	. Q . . . . . . 
	. . . . . . Q . 
	. . Q . . . . . 
	. . . . . Q . . 
	. . . . . . . Q 
	. . . . Q . . . 
	Q . . . . . . . 
	. . . Q . . . . 


Solution 11 (2 7 5 8 1 4 6 3):

	. Q . . . . . . 
	. . . . . . Q . 
	. . . . Q . . . 
	. . . . . . . Q 
	Q . . . . . . . 
	. . . Q . . . . 
	. . . . . Q . . 
	. . Q . . . . . 


Solution 12 (2 8 6 1 3 5 7 4):

	. Q . . . . . . 
	. . . . . . . Q 
	. . . . . Q . . 
	Q . . . . . . . 
	. . Q . . . . . 
	. . . . Q . . . 
	. . . . . . Q . 
	. . . Q . . . . 


Solution 13 (3 1 7 5 8 2 4 6):

	. . Q . . . . . 
	Q . . . . . . . 
	. . . . . . Q . 
	. . . . Q . . . 
	. . . . . . . Q 
	. Q . . . . . . 
	. . . Q . . . . 
	. . . . . Q . . 


Solution 14 (3 5 2 8 1 7 4 6):

	. . Q . . . . . 
	. . . . Q . . . 
	. Q . . . . . . 
	. . . . . . . Q 
	Q . . . . . . . 
	. . . . . . Q . 
	. . . Q . . . . 
	. . . . . Q . . 


Solution 15 (3 5 2 8 6 4 7 1):

	. . Q . . . . . 
	. . . . Q . . . 
	. Q . . . . . . 
	. . . . . . . Q 
	. . . . . Q . . 
	. . . Q . . . . 
	. . . . . . Q . 
	Q . . . . . . . 


Solution 16 (3 5 7 1 4 2 8 6):

	. . Q . . . . . 
	. . . . Q . . . 
	. . . . . . Q . 
	Q . . . . . . . 
	. . . Q . . . . 
	. Q . . . . . . 
	. . . . . . . Q 
	. . . . . Q . . 


Solution 17 (3 5 8 4 1 7 2 6):

	. . Q . . . . . 
	. . . . Q . . . 
	. . . . . . . Q 
	. . . Q . . . . 
	Q . . . . . . . 
	. . . . . . Q . 
	. Q . . . . . . 
	. . . . . Q . . 


Solution 18 (3 6 2 5 8 1 7 4):

	. . Q . . . . . 
	. . . . . Q . . 
	. Q . . . . . . 
	. . . . Q . . . 
	. . . . . . . Q 
	Q . . . . . . . 
	. . . . . . Q . 
	. . . Q . . . . 


Solution 19 (3 6 2 7 1 4 8 5):

	. . Q . . . . . 
	. . . . . Q . . 
	. Q . . . . . . 
	. . . . . . Q . 
	Q . . . . . . . 
	. . . Q . . . . 
	. . . . . . . Q 
	. . . . Q . . . 


Solution 20 (3 6 2 7 5 1 8 4):

	. . Q . . . . . 
	. . . . . Q . . 
	. Q . . . . . . 
	. . . . . . Q . 
	. . . . Q . . . 
	Q . . . . . . . 
	. . . . . . . Q 
	. . . Q . . . . 


Solution 21 (3 6 4 1 8 5 7 2):

	. . Q . . . . . 
	. . . . . Q . . 
	. . . Q . . . . 
	Q . . . . . . . 
	. . . . . . . Q 
	. . . . Q . . . 
	. . . . . . Q . 
	. Q . . . . . . 


Solution 22 (3 6 4 2 8 5 7 1):

	. . Q . . . . . 
	. . . . . Q . . 
	. . . Q . . . . 
	. Q . . . . . . 
	. . . . . . . Q 
	. . . . Q . . . 
	. . . . . . Q . 
	Q . . . . . . . 


Solution 23 (3 6 8 1 4 7 5 2):

	. . Q . . . . . 
	. . . . . Q . . 
	. . . . . . . Q 
	Q . . . . . . . 
	. . . Q . . . . 
	. . . . . . Q . 
	. . . . Q . . . 
	. Q . . . . . . 


Solution 24 (3 6 8 1 5 7 2 4):

	. . Q . . . . . 
	. . . . . Q . . 
	. . . . . . . Q 
	Q . . . . . . . 
	. . . . Q . . . 
	. . . . . . Q . 
	. Q . . . . . . 
	. . . Q . . . . 


Solution 25 (3 6 8 2 4 1 7 5):

	. . Q . . . . . 
	. . . . . Q . . 
	. . . . . . . Q 
	. Q . . . . . . 
	. . . Q . . . . 
	Q . . . . . . . 
	. . . . . . Q . 
	. . . . Q . . . 


Solution 26 (3 7 2 8 5 1 4 6):

	. . Q . . . . . 
	. . . . . . Q . 
	. Q . . . . . . 
	. . . . . . . Q 
	. . . . Q . . . 
	Q . . . . . . . 
	. . . Q . . . . 
	. . . . . Q . . 


Solution 27 (3 7 2 8 6 4 1 5):

	. . Q . . . . . 
	. . . . . . Q . 
	. Q . . . . . . 
	. . . . . . . Q 
	. . . . . Q . . 
	. . . Q . . . . 
	Q . . . . . . . 
	. . . . Q . . . 


Solution 28 (3 8 4 7 1 6 2 5):

	. . Q . . . . . 
	. . . . . . . Q 
	. . . Q . . . . 
	. . . . . . Q . 
	Q . . . . . . . 
	. . . . . Q . . 
	. Q . . . . . . 
	. . . . Q . . . 


Solution 29 (4 1 5 8 2 7 3 6):

	. . . Q . . . . 
	Q . . . . . . . 
	. . . . Q . . . 
	. . . . . . . Q 
	. Q . . . . . . 
	. . . . . . Q . 
	. . Q . . . . . 
	. . . . . Q . . 


Solution 30 (4 1 5 8 6 3 7 2):

	. . . Q . . . . 
	Q . . . . . . . 
	. . . . Q . . . 
	. . . . . . . Q 
	. . . . . Q . . 
	. . Q . . . . . 
	. . . . . . Q . 
	. Q . . . . . . 


Solution 31 (4 2 5 8 6 1 3 7):

	. . . Q . . . . 
	. Q . . . . . . 
	. . . . Q . . . 
	. . . . . . . Q 
	. . . . . Q . . 
	Q . . . . . . . 
	. . Q . . . . . 
	. . . . . . Q . 


Solution 32 (4 2 7 3 6 8 1 5):

	. . . Q . . . . 
	. Q . . . . . . 
	. . . . . . Q . 
	. . Q . . . . . 
	. . . . . Q . . 
	. . . . . . . Q 
	Q . . . . . . . 
	. . . . Q . . . 


Solution 33 (4 2 7 3 6 8 5 1):

	. . . Q . . . . 
	. Q . . . . . . 
	. . . . . . Q . 
	. . Q . . . . . 
	. . . . . Q . . 
	. . . . . . . Q 
	. . . . Q . . . 
	Q . . . . . . . 


Solution 34 (4 2 7 5 1 8 6 3):

	. . . Q . . . . 
	. Q . . . . . . 
	. . . . . . Q . 
	. . . . Q . . . 
	Q . . . . . . . 
	. . . . . . . Q 
	. . . . . Q . . 
	. . Q . . . . . 


Solution 35 (4 2 8 5 7 1 3 6):

	. . . Q . . . . 
	. Q . . . . . . 
	. . . . . . . Q 
	. . . . Q . . . 
	. . . . . . Q . 
	Q . . . . . . . 
	. . Q . . . . . 
	. . . . . Q . . 


Solution 36 (4 2 8 6 1 3 5 7):

	. . . Q . . . . 
	. Q . . . . . . 
	. . . . . . . Q 
	. . . . . Q . . 
	Q . . . . . . . 
	. . Q . . . . . 
	. . . . Q . . . 
	. . . . . . Q . 


Solution 37 (4 6 1 5 2 8 3 7):

	. . . Q . . . . 
	. . . . . Q . . 
	Q . . . . . . . 
	. . . . Q . . . 
	. Q . . . . . . 
	. . . . . . . Q 
	. . Q . . . . . 
	. . . . . . Q . 


Solution 38 (4 6 8 2 7 1 3 5):

	. . . Q . . . . 
	. . . . . Q . . 
	. . . . . . . Q 
	. Q . . . . . . 
	. . . . . . Q . 
	Q . . . . . . . 
	. . Q . . . . . 
	. . . . Q . . . 


Solution 39 (4 6 8 3 1 7 5 2):

	. . . Q . . . . 
	. . . . . Q . . 
	. . . . . . . Q 
	. . Q . . . . . 
	Q . . . . . . . 
	. . . . . . Q . 
	. . . . Q . . . 
	. Q . . . . . . 


Solution 40 (4 7 1 8 5 2 6 3):

	. . . Q . . . . 
	. . . . . . Q . 
	Q . . . . . . . 
	. . . . . . . Q 
	. . . . Q . . . 
	. Q . . . . . . 
	. . . . . Q . . 
	. . Q . . . . . 


Solution 41 (4 7 3 8 2 5 1 6):

	. . . Q . . . . 
	. . . . . . Q . 
	. . Q . . . . . 
	. . . . . . . Q 
	. Q . . . . . . 
	. . . . Q . . . 
	Q . . . . . . . 
	. . . . . Q . . 


Solution 42 (4 7 5 2 6 1 3 8):

	. . . Q . . . . 
	. . . . . . Q . 
	. . . . Q . . . 
	. Q . . . . . . 
	. . . . . Q . . 
	Q . . . . . . . 
	. . Q . . . . . 
	. . . . . . . Q 


Solution 43 (4 7 5 3 1 6 8 2):

	. . . Q . . . . 
	. . . . . . Q . 
	. . . . Q . . . 
	. . Q . . . . . 
	Q . . . . . . . 
	. . . . . Q . . 
	. . . . . . . Q 
	. Q . . . . . . 


Solution 44 (4 8 1 3 6 2 7 5):

	. . . Q . . . . 
	. . . . . . . Q 
	Q . . . . . . . 
	. . Q . . . . . 
	. . . . . Q . . 
	. Q . . . . . . 
	. . . . . . Q . 
	. . . . Q . . . 


Solution 45 (4 8 1 5 7 2 6 3):

	. . . Q . . . . 
	. . . . . . . Q 
	Q . . . . . . . 
	. . . . Q . . . 
	. . . . . . Q . 
	. Q . . . . . . 
	. . . . . Q . . 
	. . Q . . . . . 


Solution 46 (4 8 5 3 1 7 2 6):

	. . . Q . . . . 
	. . . . . . . Q 
	. . . . Q . . . 
	. . Q . . . . . 
	Q . . . . . . . 
	. . . . . . Q . 
	. Q . . . . . . 
	. . . . . Q . . 


Solution 47 (5 1 4 6 8 2 7 3):

	. . . . Q . . . 
	Q . . . . . . . 
	. . . Q . . . . 
	. . . . . Q . . 
	. . . . . . . Q 
	. Q . . . . . . 
	. . . . . . Q . 
	. . Q . . . . . 


Solution 48 (5 1 8 4 2 7 3 6):

	. . . . Q . . . 
	Q . . . . . . . 
	. . . . . . . Q 
	. . . Q . . . . 
	. Q . . . . . . 
	. . . . . . Q . 
	. . Q . . . . . 
	. . . . . Q . . 


Solution 49 (5 1 8 6 3 7 2 4):

	. . . . Q . . . 
	Q . . . . . . . 
	. . . . . . . Q 
	. . . . . Q . . 
	. . Q . . . . . 
	. . . . . . Q . 
	. Q . . . . . . 
	. . . Q . . . . 


Solution 50 (5 2 4 6 8 3 1 7):

	. . . . Q . . . 
	. Q . . . . . . 
	. . . Q . . . . 
	. . . . . Q . . 
	. . . . . . . Q 
	. . Q . . . . . 
	Q . . . . . . . 
	. . . . . . Q . 


Solution 51 (5 2 4 7 3 8 6 1):

	. . . . Q . . . 
	. Q . . . . . . 
	. . . Q . . . . 
	. . . . . . Q . 
	. . Q . . . . . 
	. . . . . . . Q 
	. . . . . Q . . 
	Q . . . . . . . 


Solution 52 (5 2 6 1 7 4 8 3):

	. . . . Q . . . 
	. Q . . . . . . 
	. . . . . Q . . 
	Q . . . . . . . 
	. . . . . . Q . 
	. . . Q . . . . 
	. . . . . . . Q 
	. . Q . . . . . 


Solution 53 (5 2 8 1 4 7 3 6):

	. . . . Q . . . 
	. Q . . . . . . 
	. . . . . . . Q 
	Q . . . . . . . 
	. . . Q . . . . 
	. . . . . . Q . 
	. . Q . . . . . 
	. . . . . Q . . 


Solution 54 (5 3 1 6 8 2 4 7):

	. . . . Q . . . 
	. . Q . . . . . 
	Q . . . . . . . 
	. . . . . Q . . 
	. . . . . . . Q 
	. Q . . . . . . 
	. . . Q . . . . 
	. . . . . . Q . 


Solution 55 (5 3 1 7 2 8 6 4):

	. . . . Q . . . 
	. . Q . . . . . 
	Q . . . . . . . 
	. . . . . . Q . 
	. Q . . . . . . 
	. . . . . . . Q 
	. . . . . Q . . 
	. . . Q . . . . 


Solution 56 (5 3 8 4 7 1 6 2):

	. . . . Q . . . 
	. . Q . . . . . 
	. . . . . . . Q 
	. . . Q . . . . 
	. . . . . . Q . 
	Q . . . . . . . 
	. . . . . Q . . 
	. Q . . . . . . 


Solution 57 (5 7 1 3 8 6 4 2):

	. . . . Q . . . 
	. . . . . . Q . 
	Q . . . . . . . 
	. . Q . . . . . 
	. . . . . . . Q 
	. . . . . Q . . 
	. . . Q . . . . 
	. Q . . . . . . 


Solution 58 (5 7 1 4 2 8 6 3):

	. . . . Q . . . 
	. . . . . . Q . 
	Q . . . . . . . 
	. . . Q . . . . 
	. Q . . . . . . 
	. . . . . . . Q 
	. . . . . Q . . 
	. . Q . . . . . 


Solution 59 (5 7 2 4 8 1 3 6):

	. . . . Q . . . 
	. . . . . . Q . 
	. Q . . . . . . 
	. . . Q . . . . 
	. . . . . . . Q 
	Q . . . . . . . 
	. . Q . . . . . 
	. . . . . Q . . 


Solution 60 (5 7 2 6 3 1 4 8):

	. . . . Q . . . 
	. . . . . . Q . 
	. Q . . . . . . 
	. . . . . Q . . 
	. . Q . . . . . 
	Q . . . . . . . 
	. . . Q . . . . 
	. . . . . . . Q 


Solution 61 (5 7 2 6 3 1 8 4):

	. . . . Q . . . 
	. . . . . . Q . 
	. Q . . . . . . 
	. . . . . Q . . 
	. . Q . . . . . 
	Q . . . . . . . 
	. . . . . . . Q 
	. . . Q . . . . 


Solution 62 (5 7 4 1 3 8 6 2):

	. . . . Q . . . 
	. . . . . . Q . 
	. . . Q . . . . 
	Q . . . . . . . 
	. . Q . . . . . 
	. . . . . . . Q 
	. . . . . Q . . 
	. Q . . . . . . 


Solution 63 (5 8 4 1 3 6 2 7):

	. . . . Q . . . 
	. . . . . . . Q 
	. . . Q . . . . 
	Q . . . . . . . 
	. . Q . . . . . 
	. . . . . Q . . 
	. Q . . . . . . 
	. . . . . . Q . 


Solution 64 (5 8 4 1 7 2 6 3):

	. . . . Q . . . 
	. . . . . . . Q 
	. . . Q . . . . 
	Q . . . . . . . 
	. . . . . . Q . 
	. Q . . . . . . 
	. . . . . Q . . 
	. . Q . . . . . 


Solution 65 (6 1 5 2 8 3 7 4):

	. . . . . Q . . 
	Q . . . . . . . 
	. . . . Q . . . 
	. Q . . . . . . 
	. . . . . . . Q 
	. . Q . . . . . 
	. . . . . . Q . 
	. . . Q . . . . 


Solution 66 (6 2 7 1 3 5 8 4):

	. . . . . Q . . 
	. Q . . . . . . 
	. . . . . . Q . 
	Q . . . . . . . 
	. . Q . . . . . 
	. . . . Q . . . 
	. . . . . . . Q 
	. . . Q . . . . 


Solution 67 (6 2 7 1 4 8 5 3):

	. . . . . Q . . 
	. Q . . . . . . 
	. . . . . . Q . 
	Q . . . . . . . 
	. . . Q . . . . 
	. . . . . . . Q 
	. . . . Q . . . 
	. . Q . . . . . 


Solution 68 (6 3 1 7 5 8 2 4):

	. . . . . Q . . 
	. . Q . . . . . 
	Q . . . . . . . 
	. . . . . . Q . 
	. . . . Q . . . 
	. . . . . . . Q 
	. Q . . . . . . 
	. . . Q . . . . 


Solution 69 (6 3 1 8 4 2 7 5):

	. . . . . Q . . 
	. . Q . . . . . 
	Q . . . . . . . 
	. . . . . . . Q 
	. . . Q . . . . 
	. Q . . . . . . 
	. . . . . . Q . 
	. . . . Q . . . 


Solution 70 (6 3 1 8 5 2 4 7):

	. . . . . Q . . 
	. . Q . . . . . 
	Q . . . . . . . 
	. . . . . . . Q 
	. . . . Q . . . 
	. Q . . . . . . 
	. . . Q . . . . 
	. . . . . . Q . 


Solution 71 (6 3 5 7 1 4 2 8):

	. . . . . Q . . 
	. . Q . . . . . 
	. . . . Q . . . 
	. . . . . . Q . 
	Q . . . . . . . 
	. . . Q . . . . 
	. Q . . . . . . 
	. . . . . . . Q 


Solution 72 (6 3 5 8 1 4 2 7):

	. . . . . Q . . 
	. . Q . . . . . 
	. . . . Q . . . 
	. . . . . . . Q 
	Q . . . . . . . 
	. . . Q . . . . 
	. Q . . . . . . 
	. . . . . . Q . 


Solution 73 (6 3 7 2 4 8 1 5):

	. . . . . Q . . 
	. . Q . . . . . 
	. . . . . . Q . 
	. Q . . . . . . 
	. . . Q . . . . 
	. . . . . . . Q 
	Q . . . . . . . 
	. . . . Q . . . 


Solution 74 (6 3 7 2 8 5 1 4):

	. . . . . Q . . 
	. . Q . . . . . 
	. . . . . . Q . 
	. Q . . . . . . 
	. . . . . . . Q 
	. . . . Q . . . 
	Q . . . . . . . 
	. . . Q . . . . 


Solution 75 (6 3 7 4 1 8 2 5):

	. . . . . Q . . 
	. . Q . . . . . 
	. . . . . . Q . 
	. . . Q . . . . 
	Q . . . . . . . 
	. . . . . . . Q 
	. Q . . . . . . 
	. . . . Q . . . 


Solution 76 (6 4 1 5 8 2 7 3):

	. . . . . Q . . 
	. . . Q . . . . 
	Q . . . . . . . 
	. . . . Q . . . 
	. . . . . . . Q 
	. Q . . . . . . 
	. . . . . . Q . 
	. . Q . . . . . 


Solution 77 (6 4 2 8 5 7 1 3):

	. . . . . Q . . 
	. . . Q . . . . 
	. Q . . . . . . 
	. . . . . . . Q 
	. . . . Q . . . 
	. . . . . . Q . 
	Q . . . . . . . 
	. . Q . . . . . 


Solution 78 (6 4 7 1 3 5 2 8):

	. . . . . Q . . 
	. . . Q . . . . 
	. . . . . . Q . 
	Q . . . . . . . 
	. . Q . . . . . 
	. . . . Q . . . 
	. Q . . . . . . 
	. . . . . . . Q 


Solution 79 (6 4 7 1 8 2 5 3):

	. . . . . Q . . 
	. . . Q . . . . 
	. . . . . . Q . 
	Q . . . . . . . 
	. . . . . . . Q 
	. Q . . . . . . 
	. . . . Q . . . 
	. . Q . . . . . 


Solution 80 (6 8 2 4 1 7 5 3):

	. . . . . Q . . 
	. . . . . . . Q 
	. Q . . . . . . 
	. . . Q . . . . 
	Q . . . . . . . 
	. . . . . . Q . 
	. . . . Q . . . 
	. . Q . . . . . 


Solution 81 (7 1 3 8 6 4 2 5):

	. . . . . . Q . 
	Q . . . . . . . 
	. . Q . . . . . 
	. . . . . . . Q 
	. . . . . Q . . 
	. . . Q . . . . 
	. Q . . . . . . 
	. . . . Q . . . 


Solution 82 (7 2 4 1 8 5 3 6):

	. . . . . . Q . 
	. Q . . . . . . 
	. . . Q . . . . 
	Q . . . . . . . 
	. . . . . . . Q 
	. . . . Q . . . 
	. . Q . . . . . 
	. . . . . Q . . 


Solution 83 (7 2 6 3 1 4 8 5):

	. . . . . . Q . 
	. Q . . . . . . 
	. . . . . Q . . 
	. . Q . . . . . 
	Q . . . . . . . 
	. . . Q . . . . 
	. . . . . . . Q 
	. . . . Q . . . 


Solution 84 (7 3 1 6 8 5 2 4):

	. . . . . . Q . 
	. . Q . . . . . 
	Q . . . . . . . 
	. . . . . Q . . 
	. . . . . . . Q 
	. . . . Q . . . 
	. Q . . . . . . 
	. . . Q . . . . 


Solution 85 (7 3 8 2 5 1 6 4):

	. . . . . . Q . 
	. . Q . . . . . 
	. . . . . . . Q 
	. Q . . . . . . 
	. . . . Q . . . 
	Q . . . . . . . 
	. . . . . Q . . 
	. . . Q . . . . 


Solution 86 (7 4 2 5 8 1 3 6):

	. . . . . . Q . 
	. . . Q . . . . 
	. Q . . . . . . 
	. . . . Q . . . 
	. . . . . . . Q 
	Q . . . . . . . 
	. . Q . . . . . 
	. . . . . Q . . 


Solution 87 (7 4 2 8 6 1 3 5):

	. . . . . . Q . 
	. . . Q . . . . 
	. Q . . . . . . 
	. . . . . . . Q 
	. . . . . Q . . 
	Q . . . . . . . 
	. . Q . . . . . 
	. . . . Q . . . 


Solution 88 (7 5 3 1 6 8 2 4):

	. . . . . . Q . 
	. . . . Q . . . 
	. . Q . . . . . 
	Q . . . . . . . 
	. . . . . Q . . 
	. . . . . . . Q 
	. Q . . . . . . 
	. . . Q . . . . 


Solution 89 (8 2 4 1 7 5 3 6):

	. . . . . . . Q 
	. Q . . . . . . 
	. . . Q . . . . 
	Q . . . . . . . 
	. . . . . . Q . 
	. . . . Q . . . 
	. . Q . . . . . 
	. . . . . Q . . 


Solution 90 (8 2 5 3 1 7 4 6):

	. . . . . . . Q 
	. Q . . . . . . 
	. . . . Q . . . 
	. . Q . . . . . 
	Q . . . . . . . 
	. . . . . . Q . 
	. . . Q . . . . 
	. . . . . Q . . 


Solution 91 (8 3 1 6 2 5 7 4):

	. . . . . . . Q 
	. . Q . . . . . 
	Q . . . . . . . 
	. . . . . Q . . 
	. Q . . . . . . 
	. . . . Q . . . 
	. . . . . . Q . 
	. . . Q . . . . 


Solution 92 (8 4 1 3 6 2 7 5):

	. . . . . . . Q 
	. . . Q . . . . 
	Q . . . . . . . 
	. . Q . . . . . 
	. . . . . Q . . 
	. Q . . . . . . 
	. . . . . . Q . 
	. . . . Q . . . 


Found 92 solutions.
